// Jest Snapshot v1, https://goo.gl/fbAQLP

exports[`CloseButton renders 1`] = `
.c0 {
  position: absolute;
  top: 40px;
  right: 50px;
  z-index: 5000;
}

.c1 {
  width: 50px;
  height: 50px;
  border-radius: 50%;
  background-color: #d9d9d933;
  display: -webkit-box;
  display: -webkit-flex;
  display: -ms-flexbox;
  display: flex;
  -webkit-align-items: center;
  -webkit-box-align: center;
  -ms-flex-align: center;
  align-items: center;
  -webkit-box-pack: center;
  -webkit-justify-content: center;
  -ms-flex-pack: center;
  justify-content: center;
  cursor: pointer;
  position: relative;
  border: none;
}

.c1:before,
.c1:after {
  content: '';
  position: absolute;
  width: 30px;
  height: 2px;
  background-color: #FFFFFF;
}

.c1:before {
  -webkit-transform: rotate(45deg);
  -ms-transform: rotate(45deg);
  transform: rotate(45deg);
}

.c1:after {
  -webkit-transform: rotate(-45deg);
  -ms-transform: rotate(-45deg);
  transform: rotate(-45deg);
}

<div
  class="c0"
>
  <button
    class="c1"
  />
</div>
`;
