// Jest Snapshot v1, https://goo.gl/fbAQLP

exports[`PreviousPlaceButton renders 1`] = `
.c0 {
  width: 50px;
  cursor: pointer;
  background-color: transparent;
  border: none;
}

<button
  class="c0"
>
  <img
    class=""
    src=""
  />
</button>
`;
