// Jest Snapshot v1, https://goo.gl/fbAQLP

exports[`SettingsButton renders 1`] = `
.c0 {
  width: 50px;
  cursor: pointer;
  background-color: transparent;
  outline: none;
  border: none;
}

.c1 {
  width: 100%;
}

<div
  class="c0"
>
  <img
    alt="settings"
    class="c1"
    src=""
  />
</div>
`;
