// Jest Snapshot v1, https://goo.gl/fbAQLP

exports[`UnderlineButton renders 1`] = `
.c0 {
  font-weight: 300;
  font-size: 24px;
  line-height: 54px;
  color: #FFFFFF;
  font-family: 'Poppins',sans-serif;
  background-color: transparent;
  outline: none;
  border: none;
  cursor: pointer;
}

.c0:hover {
  color: #D98639;
}

<button
  class="c0"
  value=""
>
  Settings
</button>
`;
