// Jest Snapshot v1, https://goo.gl/fbAQLP

exports[`Modal renders 1`] = `
.c0 {
  position: relative;
  width: 100%;
  max-width: 850px;
  padding: 40px 70px;
  display: -webkit-box;
  display: -webkit-flex;
  display: -ms-flexbox;
  display: flex;
  -webkit-flex-direction: column;
  -ms-flex-direction: column;
  flex-direction: column;
  -webkit-align-items: center;
  -webkit-box-align: center;
  -ms-flex-align: center;
  align-items: center;
  -webkit-box-pack: center;
  -webkit-justify-content: center;
  -ms-flex-pack: center;
  justify-content: center;
  background: #1E1F27;
  z-index: 3000;
}

<div
  class="c0"
>
  <p>
    Modal Text
  </p>
</div>
`;
