// Jest Snapshot v1, https://goo.gl/fbAQLP

exports[`Loader renders 1`] = `
.c0 {
  width: 100%;
  height: 100vh;
  display: -webkit-box;
  display: -webkit-flex;
  display: -ms-flexbox;
  display: flex;
  -webkit-align-items: center;
  -webkit-box-align: center;
  -ms-flex-align: center;
  align-items: center;
  -webkit-box-pack: center;
  -webkit-justify-content: center;
  -ms-flex-pack: center;
  justify-content: center;
}

<div
  class="c0"
>
  <div
    style="fill: black; height: 250px; width: 250px;"
  >
    <svg
      id="loading"
      viewBox="0 0 32 32"
      xmlns="http://www.w3.org/2000/svg"
    >
      
  
      <path
        d="M14 0 H18 V8 H14 z"
        opacity=".1"
        transform="rotate(0 16 16)"
      >
        
    
        <animate
          attributeName="opacity"
          begin="0"
          dur="1s"
          from="1"
          repeatCount="indefinite"
          to=".1"
        />
        
  
      </path>
      
  
      <path
        d="M14 0 H18 V8 H14 z"
        opacity=".1"
        transform="rotate(45 16 16)"
      >
        
    
        <animate
          attributeName="opacity"
          begin="0.125s"
          dur="1s"
          from="1"
          repeatCount="indefinite"
          to=".1"
        />
        
  
      </path>
      
  
      <path
        d="M14 0 H18 V8 H14 z"
        opacity=".1"
        transform="rotate(90 16 16)"
      >
        
    
        <animate
          attributeName="opacity"
          begin="0.25s"
          dur="1s"
          from="1"
          repeatCount="indefinite"
          to=".1"
        />
        
  
      </path>
      
  
      <path
        d="M14 0 H18 V8 H14 z"
        opacity=".1"
        transform="rotate(135 16 16)"
      >
        
    
        <animate
          attributeName="opacity"
          begin="0.375s"
          dur="1s"
          from="1"
          repeatCount="indefinite"
          to=".1"
        />
        
  
      </path>
      
  
      <path
        d="M14 0 H18 V8 H14 z"
        opacity=".1"
        transform="rotate(180 16 16)"
      >
        
    
        <animate
          attributeName="opacity"
          begin="0.5s"
          dur="1s"
          from="1"
          repeatCount="indefinite"
          to=".1"
        />
        
  
      </path>
      
  
      <path
        d="M14 0 H18 V8 H14 z"
        opacity=".1"
        transform="rotate(225 16 16)"
      >
        
    
        <animate
          attributeName="opacity"
          begin="0.675s"
          dur="1s"
          from="1"
          repeatCount="indefinite"
          to=".1"
        />
        
  
      </path>
      
  
      <path
        d="M14 0 H18 V8 H14 z"
        opacity=".1"
        transform="rotate(270 16 16)"
      >
        
    
        <animate
          attributeName="opacity"
          begin="0.75s"
          dur="1s"
          from="1"
          repeatCount="indefinite"
          to=".1"
        />
        
  
      </path>
      
  
      <path
        d="M14 0 H18 V8 H14 z"
        opacity=".1"
        transform="rotate(315 16 16)"
      >
        
    
        <animate
          attributeName="opacity"
          begin="0.875s"
          dur="1s"
          from="1"
          repeatCount="indefinite"
          to=".1"
        />
        
  
      </path>
      

    </svg>
    

  </div>
</div>
`;
